
==== 2.1 Core pinned packages (TTS removed from reqs): ['/tmp/bhashamedia_conda/bin/python', '-m', 'pip', 'install', '--progress-bar', 'off', '--no-cache-dir', '-r', '/Users/jui/Documents/trae_projects/local agent/app/requirements.txt'] ====
STDOUT:
z, pydub, mpmath, flatbuffers, brotli, websockets, urllib3, tzdata, typing-extensions, tqdm, tomlkit, threadpoolctl, tabulate, sympy, six, shellingham, sentencepiece, semantic-version, safetensors, ruff, regex, pyyaml, python-multipart, python-dotenv, pygments, pycparser, psutil, protobuf, propcache, platformdirs, Pillow, orjson, numpy, networkx, narwhals, multidict, msgpack, more_itertools, mdurl, markupsafe, llvmlite, lazy-loader, joblib, imageio_ffmpeg, idna, hf-xet, h11, groovy, fsspec, frozenlist, filelock, ffmpy, dlinfo, decorator, click, charset_normalizer, certifi, av, audioread, attrs, annotated-types, annotated-doc, aiohappyeyeballs, aiofiles, yarl, uvicorn, typing-inspection, typeguard, soxr, scipy, requests, python-dateutil, pydantic-core, proglog, phonemizer, opencv-python, onnxruntime, numba, nltk, markdown-it-py, jinja2, imageio, httpcore, ctranslate2, cffi, anyio, aiosignal, torch, starlette, soundfile, sounddevice, scikit-learn, rich, pydantic, pooch, pandas, moviepy, inflect, httpx, aiohttp, typer, safehttpx, librosa, huggingface-hub, fastapi, edge-tts, tokenizers, gradio-client, accelerate, transformers, gradio, faster-whisper
Successfully installed Pillow-10.4.0 accelerate-1.14.0 aiofiles-24.1.0 aiohappyeyeballs-2.7.1 aiohttp-3.14.3 aiosignal-1.4.0 annotated-doc-0.0.5 annotated-types-0.8.0 anyio-4.14.2 attrs-26.1.0 audioread-3.1.0 av-12.3.0 brotli-1.2.0 certifi-2026.7.22 cffi-2.1.1 charset_normalizer-3.5.1 click-8.5.0 ctranslate2-4.8.1 decorator-5.3.1 dlinfo-2.0.0 edge-tts-7.2.8 fastapi-0.141.1 faster-whisper-1.0.3 ffmpy-1.0.0 filelock-3.32.4 flatbuffers-25.12.19 frozenlist-1.8.0 fsspec-2026.7.0 gradio-5.50.0 gradio-client-1.14.0 groovy-0.1.2 h11-0.16.0 hf-xet-1.6.0 httpcore-1.0.9 httpx-0.28.1 huggingface-hub-1.29.0 idna-3.19 imageio-2.37.4 imageio_ffmpeg-0.6.0 inflect-7.5.0 jinja2-3.1.6 joblib-1.5.3 lazy-loader-0.5 librosa-0.10.2.post1 llvmlite-0.49.0 markdown-it-py-4.2.0 markupsafe-3.0.3 mdurl-0.1.2 more_itertools-11.1.0 moviepy-2.1.1 mpmath-1.3.0 msgpack-1.2.2 multidict-6.7.1 narwhals-2.25.0 networkx-3.6.1 nltk-3.9.1 numba-0.67.0 numpy-1.26.4 onnxruntime-1.29.0 opencv-python-4.10.0.84 orjson-3.12.0 pandas-2.3.3 phonemizer-3.4.0 platformdirs-4.11.5 pooch-1.9.0 proglog-0.1.12 propcache-0.5.2 protobuf-7.36.0 psutil-7.2.2 pycparser-3.0 pydantic-2.12.3 pydantic-core-2.41.4 pydub-0.25.1 pygments-2.21.0 python-dateutil-2.9.0.post0 python-dotenv-1.0.1 python-multipart-0.0.32 pytz-2026.3.post1 pyyaml-6.0.3 regex-2026.7.19 requests-2.34.2 rich-15.0.0 ruff-0.16.5 safehttpx-0.1.7 safetensors-0.8.0 scikit-learn-1.9.0 scipy-1.14.1 semantic-version-2.10.0 sentencepiece-0.2.2 shellingham-1.5.4 six-1.17.0 sounddevice-0.5.0 soundfile-0.12.1 soxr-1.1.0 starlette-0.52.1 sympy-1.14.0 tabulate-0.10.0 threadpoolctl-3.6.0 tokenizers-0.23.1 tomlkit-0.13.3 torch-2.13.0 tqdm-4.70.0 transformers-5.16.1 typeguard-4.6.0 typer-0.27.2 typing-extensions-4.16.0 typing-inspection-0.4.4 tzdata-2026.3 urllib3-2.7.0 uvicorn-0.52.4 websockets-15.0.1 yarl-1.24.5

STDERR:

==== 2.2 Torch 2.7.0 darwin-arm64 CPU wheels force-reinstall --no-deps: ['/tmp/bhashamedia_conda/bin/python', '-m', 'pip', 'install', '--progress-bar', 'off', '--force-reinstall', '--no-deps', '--no-cache-dir', 'torch==2.7.0', 'torchaudio==2.7.0', 'torchvision==0.22.0', '--index-url', 'https://download.pytorch.org/whl/cpu'] ====
STDOUT:
Looking in indexes: https://download.pytorch.org/whl/cpu
Collecting torch==2.7.0
  Downloading torch-2.7.0-cp311-none-macosx_11_0_arm64.whl.metadata (29 kB)
Collecting torchaudio==2.7.0
  Downloading torchaudio-2.7.0-cp311-cp311-macosx_11_0_arm64.whl.metadata (6.6 kB)
Collecting torchvision==0.22.0
  Downloading torchvision-0.22.0-cp311-cp311-macosx_11_0_arm64.whl.metadata (6.1 kB)
Downloading torch-2.7.0-cp311-none-macosx_11_0_arm64.whl (68.6 MB)
Downloading torchaudio-2.7.0-cp311-cp311-macosx_11_0_arm64.whl (1.8 MB)
Downloading torchvision-0.22.0-cp311-cp311-macosx_11_0_arm64.whl (1.9 MB)
Installing collected packages: torchaudio, torchvision, torch
  Attempting uninstall: torch
    Found existing installation: torch 2.13.0
    Uninstalling torch-2.13.0:
      Successfully uninstalled torch-2.13.0
Successfully installed torch-2.7.0 torchaudio-2.7.0 torchvision-0.22.0

STDERR:

==== 2.3a TTS build deps: cython numpy setuptools wheel scikit-learn numba pandas trainer gruut bangla bnnumerizer bnunicodenormalizer: ['/tmp/bhashamedia_conda/bin/python', '-m', 'pip', 'install', '--progress-bar', 'off', '--no-cache-dir', 'cython>=3', 'numpy==1.26.4', 'setuptools>=69', 'wheel', 'scikit-learn>=1.3', 'numba>=0.57', 'pandas>=1.4,<2', 'trainer>=0.0.32', 'gruut==2.2.3', 'gruut_lang_en==2.0.1', 'bangla', 'bnnumerizer', 'bnunicodenormalizer', 'anyascii', 'pysbd', 'umap-learn', 'einops', 'encodec', 'unidecode', 'num2words', 'jieba', 'pypinyin', 'hangul_romanize', 'jamo', 'g2pkk', 'pyyaml', 'tqdm', 'fsspec', 'flask>=2.0', 'aiohttp', 'matplotlib>=3.7'] ====
STDOUT:
codec (pyproject.toml): started
  Building wheel for encodec (pyproject.toml): finished with status 'done'
  Created wheel for encodec: filename=encodec-0.1.1-py3-none-any.whl size=45853 sha256=1e68e3d205508f088f0ffdc8a9da29a31fb270941c2358247116a2bdfb4299be
  Stored in directory: /private/var/folders/y1/jz17zh315wdd7mlxk370t9p00000gn/T/pip-ephem-wheel-cache-fxgbc8i4/wheels/b4/a4/88/480018a664e58ca7ce6708759193ee51b017b3b72aa3df8a85
  Building wheel for jieba (pyproject.toml): started
  Building wheel for jieba (pyproject.toml): finished with status 'done'
  Created wheel for jieba: filename=jieba-0.42.1-py3-none-any.whl size=19314509 sha256=32fb35405637150495681a02892caadbbd041e837a2e8421464405da0da04dea
  Stored in directory: /private/var/folders/y1/jz17zh315wdd7mlxk370t9p00000gn/T/pip-ephem-wheel-cache-fxgbc8i4/wheels/ac/60/cf/538a1f183409caf1fc136b5d2c2dee329001ef6da2c5084bef
  Building wheel for docopt (pyproject.toml): started
  Building wheel for docopt (pyproject.toml): finished with status 'done'
  Created wheel for docopt: filename=docopt-0.6.2-py2.py3-none-any.whl size=13783 sha256=3e7c0c5e8f0fb127b37e6135bc73a9ac69010070ff3448981f60a4ffd7a0b56d
  Stored in directory: /private/var/folders/y1/jz17zh315wdd7mlxk370t9p00000gn/T/pip-ephem-wheel-cache-fxgbc8i4/wheels/1a/b0/8c/4b75c4116c31f83c8f9f047231251e13cc74481cca4a78a9ce
Successfully built gruut gruut_lang_en gruut-ipa bnnumerizer encodec jieba docopt
Installing collected packages: jieba, jamo, hangul_romanize, gruut_lang_en, docopt, bnunicodenormalizer, bnnumerizer, werkzeug, unidecode, tzlocal, tensorboard-data-server, python-crfsuite, pysbd, pypinyin, pyparsing, num2words, networkx, markdown, kiwisolver, jsonlines, itsdangerous, gruut-ipa, grpcio, fonttools, einops, cython, cycler, coqpit, contourpy, blinker, bangla, Babel, anyascii, absl-py, tensorboard, pandas, matplotlib, g2pkk, flask, dateparser, trainer, pynndescent, gruut, umap-learn, encodec
  Attempting uninstall: networkx
    Found existing installation: networkx 3.6.1
    Uninstalling networkx-3.6.1:
      Successfully uninstalled networkx-3.6.1
  Attempting uninstall: pandas
    Found existing installation: pandas 2.3.3
    Uninstalling pandas-2.3.3:
      Successfully uninstalled pandas-2.3.3
Successfully installed Babel-2.18.0 absl-py-2.5.0 anyascii-0.3.3 bangla-0.0.6 blinker-1.9.0 bnnumerizer-0.0.2 bnunicodenormalizer-0.1.7 contourpy-1.3.3 coqpit-0.0.17 cycler-0.12.1 cython-3.3.0 dateparser-1.1.8 docopt-0.6.2 einops-0.8.2 encodec-0.1.1 flask-3.1.3 fonttools-4.63.0 g2pkk-0.1.2 grpcio-1.83.1 gruut-2.2.3 gruut-ipa-0.13.0 gruut_lang_en-2.0.1 hangul_romanize-0.1.0 itsdangerous-2.2.0 jamo-0.4.1 jieba-0.42.1 jsonlines-1.2.0 kiwisolver-1.5.1 markdown-3.10.3 matplotlib-3.11.1 networkx-2.8.8 num2words-0.5.14 pandas-1.5.3 pynndescent-0.6.0 pyparsing-3.3.2 pypinyin-0.55.0 pysbd-0.3.4 python-crfsuite-0.9.12 tensorboard-2.21.0 tensorboard-data-server-0.7.2 trainer-0.0.36 tzlocal-5.4.4 umap-learn-0.5.12 unidecode-1.4.0 werkzeug-3.1.8

STDERR:

==== 2.3b pip install TTS==0.22.0  --no-build-isolation (cwd = symlink root, env rewritten): ['/tmp/bhashamedia_conda/bin/python', '-m', 'pip', 'install', '--progress-bar', 'off', '--no-cache-dir', '--no-build-isolation', 'TTS==0.22.0'] ====
STDOUT:
r<0.8.0,>=0.7.0 in /tmp/bhashamedia_conda/lib/python3.11/site-packages (from tensorboard->trainer>=0.0.32->TTS==0.22.0) (0.7.2)
Downloading spacy-3.8.16-cp311-cp311-macosx_11_0_arm64.whl (6.9 MB)
Downloading catalogue-2.0.10-py3-none-any.whl (17 kB)
Downloading confection-1.3.3-py3-none-any.whl (35 kB)
Downloading cymem-2.0.13-cp311-cp311-macosx_11_0_arm64.whl (43 kB)
Downloading murmurhash-1.0.15-cp311-cp311-macosx_11_0_arm64.whl (27 kB)
Downloading preshed-3.0.13-cp311-cp311-macosx_11_0_arm64.whl (137 kB)
Downloading spacy_legacy-3.0.12-py2.py3-none-any.whl (29 kB)
Downloading spacy_loggers-1.0.5-py3-none-any.whl (22 kB)
Downloading srsly-2.5.3-cp311-cp311-macosx_11_0_arm64.whl (657 kB)
Downloading thinc-8.3.13-cp311-cp311-macosx_11_0_arm64.whl (812 kB)
Downloading blis-1.3.3-cp311-cp311-macosx_11_0_arm64.whl (1.2 MB)
Downloading wasabi-1.1.3-py3-none-any.whl (27 kB)
Downloading weasel-1.0.0-py3-none-any.whl (50 kB)
Downloading cloudpathlib-0.25.0-py3-none-any.whl (66 kB)
Downloading smart_open-8.0.1-py3-none-any.whl (73 kB)
Downloading sudachidict_core-20260723-py3-none-any.whl (72.3 MB)
Downloading sudachipy-0.6.11-cp311-cp311-macosx_11_0_arm64.whl (1.5 MB)
Downloading wrapt-2.3.0-cp311-cp311-macosx_11_0_arm64.whl (82 kB)
Building wheels for collected packages: TTS, gruut_lang_de, gruut_lang_es, gruut_lang_fr
  Building wheel for TTS (pyproject.toml): started
  Building wheel for TTS (pyproject.toml): finished with status 'error'
  Building wheel for gruut_lang_de (pyproject.toml): started
  Building wheel for gruut_lang_de (pyproject.toml): finished with status 'done'
  Created wheel for gruut_lang_de: filename=gruut_lang_de-2.0.1-py3-none-any.whl size=18498357 sha256=a1fe44a95d277306865fa560c3778ad9b07a3599c3c0b1cc3ba645be52dba390
  Stored in directory: /private/var/folders/y1/jz17zh315wdd7mlxk370t9p00000gn/T/pip-ephem-wheel-cache-qzsbz5vh/wheels/87/fa/df/5fdf5d3cc26ba859b8698a1f28581d1a6aa081edc6df9847ab
  Building wheel for gruut_lang_es (pyproject.toml): started
  Building wheel for gruut_lang_es (pyproject.toml): finished with status 'done'
  Created wheel for gruut_lang_es: filename=gruut_lang_es-2.0.1-py3-none-any.whl size=32173971 sha256=a4ccdbf6c1050bddd6fe4d353a490f58c09a1bc95c0a40ea703c086f86734b42
  Stored in directory: /private/var/folders/y1/jz17zh315wdd7mlxk370t9p00000gn/T/pip-ephem-wheel-cache-qzsbz5vh/wheels/c8/eb/59/30b5d15e56347e595f613036cbea0f807ad9621c75cd75d912
  Building wheel for gruut_lang_fr (pyproject.toml): started
  Building wheel for gruut_lang_fr (pyproject.toml): finished with status 'done'
  Created wheel for gruut_lang_fr: filename=gruut_lang_fr-2.0.2-py3-none-any.whl size=10968810 sha256=6cfa28afae3ca043b9ad3255b6dd9ee6f3bad24c67fcf61be12156af1c6dfb68
  Stored in directory: /private/var/folders/y1/jz17zh315wdd7mlxk370t9p00000gn/T/pip-ephem-wheel-cache-qzsbz5vh/wheels/e0/e7/a0/7c416a3eeaa94ca71bf7bcbc6289cced2263d8ba35e82444bb
Successfully built gruut_lang_de gruut_lang_es gruut_lang_fr
Failed to build TTS

STDERR:
_build/TTS/vocoder/models
      copying TTS/vocoder/models/melgan_discriminator.py -> temp_build/TTS/vocoder/models
      copying TTS/vocoder/models/melgan_generator.py -> temp_build/TTS/vocoder/models
      copying TTS/vocoder/models/melgan_multiscale_discriminator.py -> temp_build/TTS/vocoder/models
      copying TTS/vocoder/models/multiband_melgan_generator.py -> temp_build/TTS/vocoder/models
      copying TTS/vocoder/models/parallel_wavegan_discriminator.py -> temp_build/TTS/vocoder/models
      copying TTS/vocoder/models/parallel_wavegan_generator.py -> temp_build/TTS/vocoder/models
      copying TTS/vocoder/models/random_window_discriminator.py -> temp_build/TTS/vocoder/models
      copying TTS/vocoder/models/univnet_discriminator.py -> temp_build/TTS/vocoder/models
      copying TTS/vocoder/models/univnet_generator.py -> temp_build/TTS/vocoder/models
      copying TTS/vocoder/models/wavegrad.py -> temp_build/TTS/vocoder/models
      copying TTS/vocoder/models/wavernn.py -> temp_build/TTS/vocoder/models
      creating temp_build/TTS/vocoder/utils
      copying TTS/vocoder/utils/__init__.py -> temp_build/TTS/vocoder/utils
      copying TTS/vocoder/utils/distribution.py -> temp_build/TTS/vocoder/utils
      copying TTS/vocoder/utils/generic_utils.py -> temp_build/TTS/vocoder/utils
      running build_ext
      building 'TTS.tts.utils.monotonic_align.core' extension
      /tmp/bhashamedia_conda/bin/clang -DNDEBUG -fwrapv -O2 -Wall -fPIC -O2 -isystem /Users/jui/Documents/trae_projects/local agent/conda_env/include -arch arm64 -fPIC -O2 -isystem /Users/jui/Documents/trae_projects/local agent/conda_env/include -arch arm64 -I/tmp/bhashamedia_conda/lib/python3.11/site-packages/numpy/core/include "-I/Users/jui/Documents/trae_projects/local agent/conda_env/include/python3.11" -c TTS/tts/utils/monotonic_align/core.c -o build/temp.macosx-11.0-arm64-cpython-311/TTS/tts/utils/monotonic_align/core.o
      clang: error: no such file or directory: 'agent/conda_env/include'
      clang: error: no such file or directory: 'agent/conda_env/include'
      error: Command '['/tmp/bhashamedia_conda/bin/clang', '-DNDEBUG', '-fwrapv', '-O2', '-Wall', '-fPIC', '-O2', '-isystem', '/Users/jui/Documents/trae_projects/local', 'agent/conda_env/include', '-arch', 'arm64', '-fPIC', '-O2', '-isystem', '/Users/jui/Documents/trae_projects/local', 'agent/conda_env/include', '-arch', 'arm64', '-I/tmp/bhashamedia_conda/lib/python3.11/site-packages/numpy/core/include', '-I/Users/jui/Documents/trae_projects/local agent/conda_env/include/python3.11', '-c', 'TTS/tts/utils/monotonic_align/core.c', '-o', 'build/temp.macosx-11.0-arm64-cpython-311/TTS/tts/utils/monotonic_align/core.o']' returned non-zero exit status 1.
      [end of output]
  
  note: This error originates from a subprocess, and is likely not a problem with pip.
  ERROR: Failed building wheel for TTS
error: failed-wheel-build-for-install

× Failed to build installable wheels for some pyproject.toml based projects
╰─> TTS

==== 2.3c RETRY TTS==0.22.0 (default build iso, symlink cwd): ['/tmp/bhashamedia_conda/bin/python', '-m', 'pip', 'install', '--progress-bar', 'off', '--no-cache-dir', 'TTS==0.22.0'] ====
STDOUT:
r<0.8.0,>=0.7.0 in /tmp/bhashamedia_conda/lib/python3.11/site-packages (from tensorboard->trainer>=0.0.32->TTS==0.22.0) (0.7.2)
Downloading spacy-3.8.16-cp311-cp311-macosx_11_0_arm64.whl (6.9 MB)
Downloading catalogue-2.0.10-py3-none-any.whl (17 kB)
Downloading confection-1.3.3-py3-none-any.whl (35 kB)
Downloading cymem-2.0.13-cp311-cp311-macosx_11_0_arm64.whl (43 kB)
Downloading murmurhash-1.0.15-cp311-cp311-macosx_11_0_arm64.whl (27 kB)
Downloading preshed-3.0.13-cp311-cp311-macosx_11_0_arm64.whl (137 kB)
Downloading spacy_legacy-3.0.12-py2.py3-none-any.whl (29 kB)
Downloading spacy_loggers-1.0.5-py3-none-any.whl (22 kB)
Downloading srsly-2.5.3-cp311-cp311-macosx_11_0_arm64.whl (657 kB)
Downloading thinc-8.3.13-cp311-cp311-macosx_11_0_arm64.whl (812 kB)
Downloading blis-1.3.3-cp311-cp311-macosx_11_0_arm64.whl (1.2 MB)
Downloading wasabi-1.1.3-py3-none-any.whl (27 kB)
Downloading weasel-1.0.0-py3-none-any.whl (50 kB)
Downloading cloudpathlib-0.25.0-py3-none-any.whl (66 kB)
Downloading smart_open-8.0.1-py3-none-any.whl (73 kB)
Downloading sudachidict_core-20260723-py3-none-any.whl (72.3 MB)
Downloading sudachipy-0.6.11-cp311-cp311-macosx_11_0_arm64.whl (1.5 MB)
Downloading wrapt-2.3.0-cp311-cp311-macosx_11_0_arm64.whl (82 kB)
Building wheels for collected packages: TTS, gruut_lang_de, gruut_lang_es, gruut_lang_fr
  Building wheel for TTS (pyproject.toml): started
  Building wheel for TTS (pyproject.toml): finished with status 'error'
  Building wheel for gruut_lang_de (pyproject.toml): started
  Building wheel for gruut_lang_de (pyproject.toml): finished with status 'done'
  Created wheel for gruut_lang_de: filename=gruut_lang_de-2.0.1-py3-none-any.whl size=18498357 sha256=a851bbcb67fad4ecfc034fc77def0202aa327a7368e5beb99d72e2b7c73fec40
  Stored in directory: /private/var/folders/y1/jz17zh315wdd7mlxk370t9p00000gn/T/pip-ephem-wheel-cache-86pqqfc2/wheels/87/fa/df/5fdf5d3cc26ba859b8698a1f28581d1a6aa081edc6df9847ab
  Building wheel for gruut_lang_es (pyproject.toml): started
  Building wheel for gruut_lang_es (pyproject.toml): finished with status 'done'
  Created wheel for gruut_lang_es: filename=gruut_lang_es-2.0.1-py3-none-any.whl size=32173971 sha256=6664b9ffae4e9a786d3a30b8cfa36776fa68660b60cc08c2e27826e5ce7c0d84
  Stored in directory: /private/var/folders/y1/jz17zh315wdd7mlxk370t9p00000gn/T/pip-ephem-wheel-cache-86pqqfc2/wheels/c8/eb/59/30b5d15e56347e595f613036cbea0f807ad9621c75cd75d912
  Building wheel for gruut_lang_fr (pyproject.toml): started
  Building wheel for gruut_lang_fr (pyproject.toml): finished with status 'done'
  Created wheel for gruut_lang_fr: filename=gruut_lang_fr-2.0.2-py3-none-any.whl size=10968810 sha256=3fcf6d80ed81f6fd5e2977cc139db3dd9defd7107cdc99a1c9088d696e14efd6
  Stored in directory: /private/var/folders/y1/jz17zh315wdd7mlxk370t9p00000gn/T/pip-ephem-wheel-cache-86pqqfc2/wheels/e0/e7/a0/7c416a3eeaa94ca71bf7bcbc6289cced2263d8ba35e82444bb
Successfully built gruut_lang_de gruut_lang_es gruut_lang_fr
Failed to build TTS

STDERR:
S/vocoder/models/melgan_generator.py -> temp_build/TTS/vocoder/models
      copying TTS/vocoder/models/melgan_multiscale_discriminator.py -> temp_build/TTS/vocoder/models
      copying TTS/vocoder/models/multiband_melgan_generator.py -> temp_build/TTS/vocoder/models
      copying TTS/vocoder/models/parallel_wavegan_discriminator.py -> temp_build/TTS/vocoder/models
      copying TTS/vocoder/models/parallel_wavegan_generator.py -> temp_build/TTS/vocoder/models
      copying TTS/vocoder/models/random_window_discriminator.py -> temp_build/TTS/vocoder/models
      copying TTS/vocoder/models/univnet_discriminator.py -> temp_build/TTS/vocoder/models
      copying TTS/vocoder/models/univnet_generator.py -> temp_build/TTS/vocoder/models
      copying TTS/vocoder/models/wavegrad.py -> temp_build/TTS/vocoder/models
      copying TTS/vocoder/models/wavernn.py -> temp_build/TTS/vocoder/models
      creating temp_build/TTS/vocoder/utils
      copying TTS/vocoder/utils/__init__.py -> temp_build/TTS/vocoder/utils
      copying TTS/vocoder/utils/distribution.py -> temp_build/TTS/vocoder/utils
      copying TTS/vocoder/utils/generic_utils.py -> temp_build/TTS/vocoder/utils
      running build_ext
      building 'TTS.tts.utils.monotonic_align.core' extension
      /tmp/bhashamedia_conda/bin/clang -DNDEBUG -fwrapv -O2 -Wall -fPIC -O2 -isystem /Users/jui/Documents/trae_projects/local agent/conda_env/include -arch arm64 -fPIC -O2 -isystem /Users/jui/Documents/trae_projects/local agent/conda_env/include -arch arm64 -I/private/var/folders/y1/jz17zh315wdd7mlxk370t9p00000gn/T/pip-build-env-iv06yrc7/overlay/lib/python3.11/site-packages/numpy/_core/include "-I/Users/jui/Documents/trae_projects/local agent/conda_env/include/python3.11" -c TTS/tts/utils/monotonic_align/core.c -o build/temp.macosx-11.0-arm64-cpython-311/TTS/tts/utils/monotonic_align/core.o
      clang: error: no such file or directory: 'agent/conda_env/include'
      clang: error: no such file or directory: 'agent/conda_env/include'
      error: Command '['/tmp/bhashamedia_conda/bin/clang', '-DNDEBUG', '-fwrapv', '-O2', '-Wall', '-fPIC', '-O2', '-isystem', '/Users/jui/Documents/trae_projects/local', 'agent/conda_env/include', '-arch', 'arm64', '-fPIC', '-O2', '-isystem', '/Users/jui/Documents/trae_projects/local', 'agent/conda_env/include', '-arch', 'arm64', '-I/private/var/folders/y1/jz17zh315wdd7mlxk370t9p00000gn/T/pip-build-env-iv06yrc7/overlay/lib/python3.11/site-packages/numpy/_core/include', '-I/Users/jui/Documents/trae_projects/local agent/conda_env/include/python3.11', '-c', 'TTS/tts/utils/monotonic_align/core.c', '-o', 'build/temp.macosx-11.0-arm64-cpython-311/TTS/tts/utils/monotonic_align/core.o']' returned non-zero exit status 1.
      [end of output]
  
  note: This error originates from a subprocess, and is likely not a problem with pip.
  ERROR: Failed building wheel for TTS
error: failed-wheel-build-for-install

× Failed to build installable wheels for some pyproject.toml based projects
╰─> TTS
